Component: ARM Compiler 5.06 update 4 (build 422) Tool: armlink [4d35d2]

==============================================================================

Section Cross References

    main.o(RESET) refers to main.o(STACK) for __initial_sp
    main.o(RESET) refers to main.o(.text) for Reset_Handler


==============================================================================

Removing Unused input sections from the image.

    Removing main.o(HEAP), (512 bytes).

1 unused section(s) (total 512 bytes) removed from the image.

==============================================================================

Image Symbol Table

    Local Symbols

    Symbol Name                              Value     Ov Type        Size  Object(Section)

    User\main.asm                            0x00000000   Number         0  main.o ABSOLUTE
    User\stm32f051r8t6.asm                   0x00000000   Number         0  stm32f051r8t6.o ABSOLUTE
    RESET                                    0x08000000   Section      188  main.o(RESET)
    .text                                    0x080000bc   Section      108  main.o(.text)
    Init                                     0x080000bf   Thumb Code    20  main.o(.text)
    Loop1                                    0x080000d3   Thumb Code    10  main.o(.text)
    Loop2                                    0x080000dd   Thumb Code    10  main.o(.text)
    Delay1                                   0x080000e7   Thumb Code     6  main.o(.text)
    Delay2                                   0x080000ed   Thumb Code     6  main.o(.text)
    STACK                                    0x20000000   Section     1024  main.o(STACK)
    __initial_sp                             0x20000400   Data           0  main.o(STACK)

    Global Symbols

    Symbol Name                              Value     Ov Type        Size  Object(Section)

    BuildAttributes$$THM_ISAv3M$S$PE$A:L22$X:L11$S22$IEEE1$IW$USESV6$~STKCKD$USESV7$~SHL$OSPACE$EBA8$STANDARDLIB$PRES8$EABIv2 0x00000000   Number         0  anon$$obj.o ABSOLUTE
    __Vectors_Size                           0x000000bc   Number         0  main.o ABSOLUTE
    __Vectors                                0x08000000   Data           4  main.o(RESET)
    Reset_Handler                            0x080000bd   Thumb Code     2  main.o(.text)
    __Vectors_End                            0x080000bc   Data           0  main.o(RESET)
    NMI_Handler                              0x080000f3   Thumb Code     2  main.o(.text)
    HardFault_Handler                        0x080000f5   Thumb Code     2  main.o(.text)
    SVC_Handler                              0x080000f7   Thumb Code     2  main.o(.text)
    PendSV_Handler                           0x080000f9   Thumb Code     2  main.o(.text)
    SysTick_Handler                          0x080000fb   Thumb Code     2  main.o(.text)
    ADC1_COMP_IRQHandler                     0x080000fd   Thumb Code     0  main.o(.text)
    CEC_IRQHandler                           0x080000fd   Thumb Code     0  main.o(.text)
    DMA1_Channel1_IRQHandler                 0x080000fd   Thumb Code     0  main.o(.text)
    DMA1_Channel2_3_IRQHandler               0x080000fd   Thumb Code     0  main.o(.text)
    DMA1_Channel4_5_IRQHandler               0x080000fd   Thumb Code     0  main.o(.text)
    EXTI0_1_IRQHandler                       0x080000fd   Thumb Code     0  main.o(.text)
    EXTI2_3_IRQHandler                       0x080000fd   Thumb Code     0  main.o(.text)
    EXTI4_15_IRQHandler                      0x080000fd   Thumb Code     0  main.o(.text)
    FLASH_IRQHandler                         0x080000fd   Thumb Code     0  main.o(.text)
    I2C1_IRQHandler                          0x080000fd   Thumb Code     0  main.o(.text)
    I2C2_IRQHandler                          0x080000fd   Thumb Code     0  main.o(.text)
    PVD_IRQHandler                           0x080000fd   Thumb Code     0  main.o(.text)
    RCC_IRQHandler                           0x080000fd   Thumb Code     0  main.o(.text)
    RTC_IRQHandler                           0x080000fd   Thumb Code     0  main.o(.text)
    SPI1_IRQHandler                          0x080000fd   Thumb Code     0  main.o(.text)
    SPI2_IRQHandler                          0x080000fd   Thumb Code     0  main.o(.text)
    TIM14_IRQHandler                         0x080000fd   Thumb Code     0  main.o(.text)
    TIM15_IRQHandler                         0x080000fd   Thumb Code     0  main.o(.text)
    TIM16_IRQHandler                         0x080000fd   Thumb Code     0  main.o(.text)
    TIM17_IRQHandler                         0x080000fd   Thumb Code     0  main.o(.text)
    TIM1_BRK_UP_TRG_COM_IRQHandler           0x080000fd   Thumb Code     0  main.o(.text)
    TIM1_CC_IRQHandler                       0x080000fd   Thumb Code     0  main.o(.text)
    TIM2_IRQHandler                          0x080000fd   Thumb Code     0  main.o(.text)
    TIM3_IRQHandler                          0x080000fd   Thumb Code     0  main.o(.text)
    TIM6_DAC_IRQHandler                      0x080000fd   Thumb Code     0  main.o(.text)
    TSC_IRQHandler                           0x080000fd   Thumb Code     0  main.o(.text)
    USART1_IRQHandler                        0x080000fd   Thumb Code     0  main.o(.text)
    USART2_IRQHandler                        0x080000fd   Thumb Code     0  main.o(.text)
    WWDG_IRQHandler                          0x080000fd   Thumb Code     0  main.o(.text)



==============================================================================

Memory Map of the image

  Image Entry point : 0x080000bd

  Load Region LR_IROM1 (Base: 0x08000000, Size: 0x00000128, Max: 0x00010000, ABSOLUTE)

    Execution Region ER_IROM1 (Base: 0x08000000, Size: 0x00000128, Max: 0x00010000, ABSOLUTE)

    Base Addr    Size         Type   Attr      Idx    E Section Name        Object

    0x08000000   0x000000bc   Data   RO            3    RESET               main.o
    0x080000bc   0x0000006c   Code   RO            4  * .text               main.o


    Execution Region RW_IRAM1 (Base: 0x20000000, Size: 0x00000400, Max: 0x00010000, ABSOLUTE)

    Base Addr    Size         Type   Attr      Idx    E Section Name        Object

    0x20000000   0x00000400   Zero   RW            1    STACK               main.o


==============================================================================

Image component sizes


      Code (inc. data)   RO Data    RW Data    ZI Data      Debug   Object Name

       108         42        188          0       1024        784   main.o

    ----------------------------------------------------------------------
       108         42        188          0       1024        784   Object Totals
         0          0          0          0          0          0   (incl. Generated)
         0          0          0          0          0          0   (incl. Padding)

    ----------------------------------------------------------------------
         0          0          0          0          0          0   Library Totals
         0          0          0          0          0          0   (incl. Padding)

    ----------------------------------------------------------------------

==============================================================================


      Code (inc. data)   RO Data    RW Data    ZI Data      Debug   

       108         42        188          0       1024        784   Grand Totals
       108         42        188          0       1024        784   ELF Image Totals
       108         42        188          0          0          0   ROM Totals

==============================================================================

    Total RO  Size (Code + RO Data)                  296 (   0.29kB)
    Total RW  Size (RW Data + ZI Data)              1024 (   1.00kB)
    Total ROM Size (Code + RO Data + RW Data)        296 (   0.29kB)

==============================================================================

